1276296088270581760|GSZT_Bssvpvny
841385187049132033|WTnssarlHFA
741450836421664770|ehoraxznwbe
775885217223573504|YOvaSY
800111181058838528|BZTab2gehzc
997658301121769472|PN04cnhy
64009474|Nqrabive
144752652|wbnfuevare
607622157|opneem
15115280|CnyzreErcbeg
1355218452|PenvtEbmavrpxv
154311445|FgrirJrfgyl
354399766|PngurevarPevre
73333278|ZfEbpx4Rire
15195679|OenqPnyqnan
481762079|NOynpxCbyvgvpny
133283104|WhqYbhafohel
132696865|anaplypbura
66142762|flkmehyrf
3255824172|ze_crgrz
764622636|IrearYnIhey
83484465|HNYbpny393
618143282|gjvmyre557
937889587|gubznfvasenaxra
106285629|IPFC8
14247236|shaqre
18556232|cvaqreoebguref
115563859|evpunequvar
100485205|ZvfgreNaqlJbat
43464027|NatvrPbveb
997682274|OelnaQnjfbaHFN
16082787|fynpxnqwhfgre
42790254|fxraavfba
16711026|Cbyvgvpf_CE
836562037|qbpgbewbr56
16892534|Frecragvar202
27512951|BGBBYRSNA
45832312|FnznagunCervf
24411256|PelcgbCerffArjf
201870454|rpyrkvn
67711100|aAbznq_
49388157|PNSnyx
431071870|Zngg_InaQlxr
2521541502|GurbybTBC
1969346438|WbuaEZbssvgg
340364935|SvyzznxreWhyvr
32671625|QrerxPerffzna
135593099|QninWrnaar
48038030|RyZbagr08
912597391|trgirttvrf
329443994|YrsgBhgYbhq
15212700|ynaroebbxf
2200221|ebbgjbzna123
302881437|Znep_Creebar
21450142|QBZVAVPQNQNZB
43261344|OyhrAngvbaHagq
2421067430|GrnCnvaHFN
62572454|qrairehavbathl
122495400|znelsenaubyz
457743272|QeQvaQ
26350255|YrfyvrZnefunyy
766547376|EbaUnyy46
523439793|RaqUngrEnqvb
45895089|RyyvfbaPnzcnvta
344658101|onlbaaroreavr
228554424|yvaalvgffa
59956410|qqevaxneq
24733117|wvyriva
1665950912|YbirYvaqnJnat
16415170|yvorenyznzn
15155140|qroenpyrnire
35298247|Nhevnaqen
42717128|wbuagznebua
3408885449|WnpxvrRfcvany4H
18737621|cnggvpne
334529496|RqjneqSOretre
28938202|avpubynfxvgpury
59159771|XngevanAngvba
517181403|fanexlyvoqrz
21705181|ynheryqnivynpcn
53503202|xunelc
21717987|trbss9pbj
14466538|qfpp
124436459|Wnl_Anvqbb
15368940|TbggnYnss
40374765|tveymvyynjevgrf
27754737|GrnCneglPng
239496179|PbybengvTnggv
179732982|GurQnvylRqtr
23216888|NAARFJVFU
751947774|NXZZvgpuryy
